2023-07-28 09:44:58.759 | ERROR    | controller:get_by_url:46 - Error occurred while classifying image by url: https://t3.ftcdn.net/jpg/00/96/74/82/360_F_96748234_L1OpQlE8LQJmmjGpeQZvcOVOkhxCPzCa.jpgdd, Failed to convert a NumPy array to a Tensor (Unsupported object type NoneType).
2023-07-28 10:11:17.195 | ERROR    | modules.classification_service:__init__:25 - Error occurred while reading classes file: [Errno 2] No such file or directory: '../train-outfit-classifier/data/clasfses.csv'
2023-07-28 10:12:44.551 | ERROR    | controller:get_by_url:44 - Error occurred while classifying image by url: https://t3.ftcdn.net/jpg/00/96/74/82/360_F_96748234_L1OpQlE8LQJmmjGpeQZvcOVOkhxCPzCa.jpgd, Failed to convert a NumPy array to a Tensor (Unsupported object type NoneType).
2023-07-28 10:12:44.551 | ERROR    | controller:get_by_url:44 - Error occurred while classifying image by url: https://t3.ftcdn.net/jpg/00/96/74/82/360_F_96748234_L1OpQlE8LQJmmjGpeQZvcOVOkhxCPzCa.jpgd, Failed to convert a NumPy array to a Tensor (Unsupported object type NoneType).
2023-07-28 10:13:34.667 | ERROR    | controller:get_by_url:44 - Error occurred while classifying image by url: https://t3.ftcdn.net/jpg/00/96/74/82/360_F_96748234_L1OpQlE8LQJmmjGpeQZvcOVOkhxCPzCa.jpgd, Failed to convert a NumPy array to a Tensor (Unsupported object type NoneType).
2023-07-28 10:13:34.667 | ERROR    | controller:get_by_url:44 - Error occurred while classifying image by url: https://t3.ftcdn.net/jpg/00/96/74/82/360_F_96748234_L1OpQlE8LQJmmjGpeQZvcOVOkhxCPzCa.jpgd, Failed to convert a NumPy array to a Tensor (Unsupported object type NoneType).
2023-07-28 11:58:56.065 | ERROR    | controller:get_by_url:41 - Error occurred while classifying image by url: https://t3.ftcdn.net/jpg/00/96/74/82/360_F_96748234_L1OpQlE8LQJmmjGpeQZvcOVOkhxCPzCa.jpgd, Failed to convert a NumPy array to a Tensor (Unsupported object type NoneType).
2023-07-28 11:58:56.065 | ERROR    | controller:get_by_url:41 - Error occurred while classifying image by url: https://t3.ftcdn.net/jpg/00/96/74/82/360_F_96748234_L1OpQlE8LQJmmjGpeQZvcOVOkhxCPzCa.jpgd, Failed to convert a NumPy array to a Tensor (Unsupported object type NoneType).
2023-07-28 11:59:10.686 | ERROR    | controller:get_by_url:41 - Error occurred while classifying image by url: https://t3.ftcdn.net/jpg/00/96/74/82/360_F_96748234_L1OpQlE8LQJmmjGpeQZvcOVOkhxCPzCa.jpgd, Failed to convert a NumPy array to a Tensor (Unsupported object type NoneType).
2023-07-28 11:59:10.686 | ERROR    | controller:get_by_url:41 - Error occurred while classifying image by url: https://t3.ftcdn.net/jpg/00/96/74/82/360_F_96748234_L1OpQlE8LQJmmjGpeQZvcOVOkhxCPzCa.jpgd, Failed to convert a NumPy array to a Tensor (Unsupported object type NoneType).
2023-07-28 11:59:21.588 | ERROR    | controller:get_by_url:41 - Error occurred while classifying image by url: https://t3.ftcdn.net/jpg/00/96/74/82/360_F_96748234_L1OpQlE8LQJmmjGpeQZvcOVOkhxCPzCa.jpgd, Failed to convert a NumPy array to a Tensor (Unsupported object type NoneType).
2023-07-28 11:59:21.588 | ERROR    | controller:get_by_url:41 - Error occurred while classifying image by url: https://t3.ftcdn.net/jpg/00/96/74/82/360_F_96748234_L1OpQlE8LQJmmjGpeQZvcOVOkhxCPzCa.jpgd, Failed to convert a NumPy array to a Tensor (Unsupported object type NoneType).
2023-07-28 12:03:33.774 | ERROR    | controller:get_by_url:42 - Error occurred while classifying image by url: https://t3.ftcdn.net/jpg/00/96/74/82/360_F_96748234_L1OpQlE8LQJmmjGpeQZvcOVOkhxCPzCa.jpgd, Failed to convert a NumPy array to a Tensor (Unsupported object type NoneType).
2023-07-28 12:03:33.774 | ERROR    | controller:get_by_url:42 - Error occurred while classifying image by url: https://t3.ftcdn.net/jpg/00/96/74/82/360_F_96748234_L1OpQlE8LQJmmjGpeQZvcOVOkhxCPzCa.jpgd, Failed to convert a NumPy array to a Tensor (Unsupported object type NoneType).
2023-07-28 12:03:45.676 | ERROR    | controller:get_by_url:42 - Error occurred while classifying image by url: https://t3.ftcdn.net/jpg/00/96/74/82/360_F_96748234_L1OpQlE8LQJmmjGpeQZvcOVOkhxCPzCa.jpg, 'ClassificationResponse' object has no attribute 'serialize'
2023-07-28 12:03:45.676 | ERROR    | controller:get_by_url:42 - Error occurred while classifying image by url: https://t3.ftcdn.net/jpg/00/96/74/82/360_F_96748234_L1OpQlE8LQJmmjGpeQZvcOVOkhxCPzCa.jpg, 'ClassificationResponse' object has no attribute 'serialize'
2023-07-28 12:04:11.929 | ERROR    | controller:get_by_url:42 - Error occurred while classifying image by url: https://t3.ftcdn.net/jpg/00/96/74/82/360_F_96748234_L1OpQlE8LQJmmjGpeQZvcOVOkhxCPzCa.jpg, 'ClassificationResponse' object has no attribute 'serialize'
2023-07-28 12:04:11.929 | ERROR    | controller:get_by_url:42 - Error occurred while classifying image by url: https://t3.ftcdn.net/jpg/00/96/74/82/360_F_96748234_L1OpQlE8LQJmmjGpeQZvcOVOkhxCPzCa.jpg, 'ClassificationResponse' object has no attribute 'serialize'
2023-07-31 11:35:43.246 | INFO     | controller:get_by_url:40 - ClassificationResponse()
2023-07-31 11:35:43.246 | INFO     | controller:get_by_url:40 - ClassificationResponse()
2023-07-31 11:36:08.630 | INFO     | controller:get_by_url:40 - {'category': 'Tee', 'colors': []}
2023-07-31 11:36:08.630 | INFO     | controller:get_by_url:40 - {'category': 'Tee', 'colors': []}
2023-07-31 11:36:31.735 | INFO     | controller:get_by_url:40 - {'category': 'Tee', 'colors': []}
2023-07-31 11:36:31.735 | INFO     | controller:get_by_url:40 - {'category': 'Tee', 'colors': []}
2023-07-31 11:37:06.337 | ERROR    | controller:get_by_url:41 - Error occurred while classifying image by url: https://t3.ftcdn.net/jpg/00/96/74/82/360_F_96748234_L1OpQlE8LQJmmjGpeQZvcOVOkhxCPzCa.jpgg, Failed to convert a NumPy array to a Tensor (Unsupported object type NoneType).
2023-07-31 11:37:06.337 | ERROR    | controller:get_by_url:41 - Error occurred while classifying image by url: https://t3.ftcdn.net/jpg/00/96/74/82/360_F_96748234_L1OpQlE8LQJmmjGpeQZvcOVOkhxCPzCa.jpgg, Failed to convert a NumPy array to a Tensor (Unsupported object type NoneType).
2023-07-31 11:37:46.644 | ERROR    | controller:get_by_url:41 - Error occurred while classifying image by url: https://t3.ftcdn.net/jpg/00/96/74/82/360_F_96748234_L1OpQlE8LQJmmjGpeQZvcOVOkhxCPzCa.jpgg, Failed to convert a NumPy array to a Tensor (Unsupported object type NoneType).
2023-07-31 11:37:46.644 | ERROR    | controller:get_by_url:41 - Error occurred while classifying image by url: https://t3.ftcdn.net/jpg/00/96/74/82/360_F_96748234_L1OpQlE8LQJmmjGpeQZvcOVOkhxCPzCa.jpgg, Failed to convert a NumPy array to a Tensor (Unsupported object type NoneType).
2023-07-31 11:38:58.667 | ERROR    | controller:get_by_url:41 - Error occurred while classifying image by url: https://t3.ftcdn.net/jpg/00/96/74/82/360_F_96748234_L1OpQlE8LQJmmjGpeQZvcOVOkhxCPzCa.jpgg, Failed to convert a NumPy array to a Tensor (Unsupported object type NoneType).
2023-07-31 11:38:58.667 | ERROR    | controller:get_by_url:41 - Error occurred while classifying image by url: https://t3.ftcdn.net/jpg/00/96/74/82/360_F_96748234_L1OpQlE8LQJmmjGpeQZvcOVOkhxCPzCa.jpgg, Failed to convert a NumPy array to a Tensor (Unsupported object type NoneType).
